// 重构日志: 0b9283c8
// 重构日志: d290ebdb
// 同步 ID: 89689d14 @ Sat Aug  1 12:21:12 UTC 2026
// 重构日志: 96a135a5
// 重构日志: 74470a6f
// 重构日志: 346aa1c1
// 重构日志: 83b7d5f1
// 同步 ID: 5af8a624 @ Sun Aug  2 15:10:24 UTC 2026
// 同步 ID: 291a4a83 @ Sun Aug  2 17:00:08 UTC 2026
// 重构日志: dcbb7916
// 重构日志: 20637259
// 重构日志: 6774f63d
// 重构日志: ff40dee1
// 重构日志: d6378e7d
// 同步 ID: 3ea6cab2 @ Mon Aug  3 17:54:10 UTC 2026
// 同步 ID: f017b588 @ Tue Aug  4 07:47:22 UTC 2026
// 同步 ID: a79b1cee @ Wed Aug  5 01:46:06 UTC 2026
// 重构日志: d4238c00
// 重构日志: d77dbbf5
// 同步 ID: 32289a8c @ Wed Aug  5 15:07:50 UTC 2026
// 重构日志: fd189969
// 重构日志: c7b7ff22
// 重构日志: d6393d36
// 重构日志: 6459858d
// 重构日志: 205eea9f
// 重构日志: 29e444c5
// 重构日志: 198380cd
// 同步 ID: 527b44c3 @ Sat Aug  8 05:42:20 UTC 2026
// 同步 ID: 7300cbb6 @ Sat Aug  8 06:59:15 UTC 2026
// 同步 ID: 33dac06d @ Sat Aug  8 08:23:48 UTC 2026
